---
source: src/optimizer/core/src/test.rs
expression: output
---
==INPUT==


import { $, component$ } from '@builder.io/qwik';

export const App = component$(() => {
    function hola() {
      console.log('hola');
    }
    class Thing {}
    class Other {}

    return $(() => {
      hola();
      new Thing();
      return (
          <div></div>
      )
    });
})

============================= test.js ==

import * as qwik from "@builder.io/qwik";
import { component } from "@builder.io/qwik";
export const App = /*#__PURE__*/ component(qwik.qrl(()=>import("./h_test_app_onmount")
, "App_onmount"));

============================= h_test_app_onrender.js (ENTRY POINT)==

import { jsx as _jsx } from "@builder.io/qwik/jsx-runtime";
import * as qwik from "@builder.io/qwik";
export const App_onRender = ()=>{
    hola();
    new Thing();
    return /*#__PURE__*/ _jsx("div", {});
};

/*
{
  "origin": "test.tsx",
  "name": "App_onRender",
  "entry": null,
  "canonicalFilename": "h_test_app_onrender",
  "extension": "js"
}
*/
============================= h_test_app_onmount.js (ENTRY POINT)==

import * as qwik from "@builder.io/qwik";
export const App_onmount = ()=>{
    function hola() {
        console.log('hola');
    }
    class Thing {
    }
    class Other {
    }
    return qwik.qrl(()=>import("./h_test_app_onrender")
    , "App_onRender");
};

/*
{
  "origin": "test.tsx",
  "name": "App_onmount",
  "entry": null,
  "canonicalFilename": "h_test_app_onmount",
  "extension": "js"
}
*/
== DIAGNOSTICS ==

[Diagnostic { origin: Atom('test.tsx' type=dynamic), message: "Identifier can not capture because it's a function: Thing", code_highlights: None, hints: None, show_environment: false, severity: Error, documentation_url: None }, Diagnostic { origin: Atom('test.tsx' type=dynamic), message: "Identifier can not capture because it's a function: hola", code_highlights: None, hints: None, show_environment: false, severity: Error, documentation_url: None }]
