---
source: src/optimizer/core/src/test.rs
assertion_line: 816
expression: output

---
==INPUT==


import { $, component$, useStyles } from '@builder.io/qwik';

const component = () => console.log('not this');
component();
export const Foo = component$(() => {
    useStyles$('thing');
    const qwik = 12;
    console.log(qwik);
    return $(() => {
        return (
            <div/>
        )
    });
}, {
    tagName: "my-foo",
});

export const Root = component$(() => {
    useStyles($('thing'));
    return $(() => {
        return (
            <div/>
        )
    });
}, {
    tagName: "my-foo",
});

============================= test.js ==

import * as qwik from "@builder.io/qwik";
import { component as component1 } from "@builder.io/qwik";
const component = ()=>console.log('not this')
;
component();
export const Foo = /*#__PURE__*/ component1(qwik.qrl(()=>import("./h_test_foo_onmount")
, "Foo_onmount"), {
    tagName: "my-foo"
});
export const Root = /*#__PURE__*/ component1(qwik.qrl(()=>import("./h_test_root_onmount")
, "Root_onmount"), {
    tagName: "my-foo"
});

============================= h_test_foo_onrender.js (ENTRY POINT)==

import { jsx as _jsx } from "@builder.io/qwik/jsx-runtime";
import * as qwik from "@builder.io/qwik";
export const Foo_onRender = ()=>{
    return(/*#__PURE__*/ _jsx("div", {}));
};

/*
{
  "origin": "test.tsx",
  "name": "Foo_onRender",
  "entry": null,
  "canonicalFilename": "h_test_foo_onrender",
  "extension": "js"
}
*/
============================= h_test_foo_onmount.js (ENTRY POINT)==

import * as qwik from "@builder.io/qwik";
export const Foo_onmount = ()=>{
    useStyles$('thing');
    const qwik1 = 12;
    console.log(qwik1);
    return qwik.qrl(()=>import("./h_test_foo_onrender")
    , "Foo_onRender");
};

/*
{
  "origin": "test.tsx",
  "name": "Foo_onmount",
  "entry": null,
  "canonicalFilename": "h_test_foo_onmount",
  "extension": "js"
}
*/
============================= h_test_root_onmount3.js (ENTRY POINT)==

import * as qwik from "@builder.io/qwik";
export const Root_onmount3 = 'thing';

/*
{
  "origin": "test.tsx",
  "name": "Root_onmount3",
  "entry": null,
  "canonicalFilename": "h_test_root_onmount3",
  "extension": "js"
}
*/
============================= h_test_root_onrender.js (ENTRY POINT)==

import { jsx as _jsx } from "@builder.io/qwik/jsx-runtime";
import * as qwik from "@builder.io/qwik";
export const Root_onRender = ()=>{
    return(/*#__PURE__*/ _jsx("div", {}));
};

/*
{
  "origin": "test.tsx",
  "name": "Root_onRender",
  "entry": null,
  "canonicalFilename": "h_test_root_onrender",
  "extension": "js"
}
*/
============================= h_test_root_onmount.js (ENTRY POINT)==

import * as qwik from "@builder.io/qwik";
import { useStyles } from "@builder.io/qwik";
export const Root_onmount = ()=>{
    useStyles(qwik.qrl(()=>import("./h_test_root_onmount3")
    , "Root_onmount3"));
    return qwik.qrl(()=>import("./h_test_root_onrender")
    , "Root_onRender");
};

/*
{
  "origin": "test.tsx",
  "name": "Root_onmount",
  "entry": null,
  "canonicalFilename": "h_test_root_onmount",
  "extension": "js"
}
*/
== DIAGNOSTICS ==

[]
