---
source: src/optimizer/core/src/test.rs
assertion_line: 919
expression: output

---
==INPUT==


import { $, qComponent$ } from '@builder.io/qwik';
export const sym1 = $((ctx) => console.log("1"));
    
============================= test.tsx ==

import * as qwik from "@builder.io/qwik";
export const sym1 = qwik.qrl(()=>import("./h_test_sym1")
, "sym1");

============================= h_test_sym1.tsx (ENTRY POINT)==

import * as qwik from "@builder.io/qwik";
export const sym1 = (ctx)=>console.log("1")
;

== HOOKS ==

[
  {
    "origin": "test.tsx",
    "name": "sym1",
    "entry": null,
    "canonicalFilename": "h_test_sym1"
  }
]

== DIAGNOSTICS ==

[]
