---
source: src/optimizer/core/src/test.rs
expression: output
---
==INPUT==


import { $, component$ } from '@builder.io/qwik';

export const Header = component$(() => {
    console.log("mount");
    return (
        <div onClick={$((ctx) => console.log(ctx))}/>
    );
  });

const App = component$(() => {
    return (
        <Header/>
    );
});

============================= test.tsx ==

import * as qwik from "@builder.io/qwik";
import { componentQrl } from "@builder.io/qwik";
export const Header = /*#__PURE__*/ componentQrl(qwik.qrl(()=>import("./header_component_d2lmh0dh3zy")
, "Header_component_D2lmH0Dh3zY"));
/*#__PURE__*/ componentQrl(qwik.qrl(()=>import("./app_component_aj0udc0imoo")
, "App_component_aJ0UdC0imoo"));

============================= header_component_div_onclick_ihjexlkqsxg.tsx (ENTRY POINT)==

import * as qwik from "@builder.io/qwik";
export const Header_component_div_onClick_IHjeXLKQSXg = (ctx)=>console.log(ctx)
;

/*
{
  "origin": "test.tsx",
  "name": "Header_component_div_onClick_IHjeXLKQSXg",
  "entry": null,
  "canonicalFilename": "header_component_div_onclick_ihjexlkqsxg",
  "extension": "tsx",
  "parent": "Header_component_D2lmH0Dh3zY",
  "ctxKind": "function",
  "ctxName": "$",
  "captures": false
}
*/
============================= header_component_d2lmh0dh3zy.tsx (ENTRY POINT)==

import * as qwik from "@builder.io/qwik";
export const Header_component_D2lmH0Dh3zY = ()=>{
    console.log("mount");
    return <div onClick={qwik.qrl(()=>import("./header_component_div_onclick_ihjexlkqsxg")
    , "Header_component_div_onClick_IHjeXLKQSXg")}/>;
};

/*
{
  "origin": "test.tsx",
  "name": "Header_component_D2lmH0Dh3zY",
  "entry": null,
  "canonicalFilename": "header_component_d2lmh0dh3zy",
  "extension": "tsx",
  "parent": null,
  "ctxKind": "function",
  "ctxName": "component$",
  "captures": false
}
*/
============================= app_component_aj0udc0imoo.tsx (ENTRY POINT)==

import * as qwik from "@builder.io/qwik";
import { Header } from "./test";
export const App_component_aJ0UdC0imoo = ()=>{
    return <Header />;
};

/*
{
  "origin": "test.tsx",
  "name": "App_component_aJ0UdC0imoo",
  "entry": null,
  "canonicalFilename": "app_component_aj0udc0imoo",
  "extension": "tsx",
  "parent": null,
  "ctxKind": "function",
  "ctxName": "component$",
  "captures": false
}
*/
== DIAGNOSTICS ==

[]
