---
source: src/optimizer/core/src/test.rs
expression: output
---
==INPUT==


import { $, component$, h, Fragment } from '@builder.io/qwik';

export const Lightweight = (props) => {
    return (
        <div>
            <>
                <div/>
                <button {...props}/>
            </>
        </div>
    )
};

export const Foo = component$((props) => {
    return $(() => {
        return (
            <div>
                <>
                    <div class="class"/>
                    <div class="class"></div>
                    <div class="class">12</div>
                </>
                <div class="class">
                    <Lightweight {...props}/>
                </div>
                <div class="class">
                    <div/>
                    <div/>
                    <div/>
                </div>
                <div class="class">
                    {children}
                </div>
            </div>
        )
    });
}, {
    tagName: "my-foo",
});

============================= test.js ==

import * as qwik from "@builder.io/qwik";
import { componentQrl } from "@builder.io/qwik";
import { jsx as _jsx, jsxs as _jsxs, Fragment as _Fragment } from "@builder.io/qwik/jsx-runtime";
export const Lightweight = (props)=>{
    return /*#__PURE__*/ _jsx("div", {
        children: /*#__PURE__*/ _jsxs(_Fragment, {
            children: [
                /*#__PURE__*/ _jsx("div", {}),
                /*#__PURE__*/ _jsx("button", {
                    ...props
                })
            ]
        })
    });
};
export const Foo = /*#__PURE__*/ componentQrl(qwik.qrl(()=>import("./foo_component_7n2avllyvuo")
, "Foo_component_7N2avlLYVuo"), {
    tagName: "my-foo"
});

============================= foo_component$1_642otg035oo.js (ENTRY POINT)==

import * as qwik from "@builder.io/qwik";
import { Lightweight } from "./test";
import { Fragment as _Fragment } from "@builder.io/qwik/jsx-runtime";
import { jsx as _jsx } from "@builder.io/qwik/jsx-runtime";
import { jsxs as _jsxs } from "@builder.io/qwik/jsx-runtime";
export const Foo_component$1_642OtG035oo = ()=>{
    const [props] = qwik.useLexicalScope();
    return /*#__PURE__*/ _jsxs("div", {
        children: [
            /*#__PURE__*/ _jsxs(_Fragment, {
                children: [
                    /*#__PURE__*/ _jsx("div", {
                        class: "class"
                    }),
                    /*#__PURE__*/ _jsx("div", {
                        class: "class"
                    }),
                    /*#__PURE__*/ _jsx("div", {
                        class: "class",
                        children: "12"
                    })
                ]
            }),
            /*#__PURE__*/ _jsx("div", {
                class: "class",
                children: /*#__PURE__*/ _jsx(Lightweight, {
                    ...props
                })
            }),
            /*#__PURE__*/ _jsxs("div", {
                class: "class",
                children: [
                    /*#__PURE__*/ _jsx("div", {}),
                    /*#__PURE__*/ _jsx("div", {}),
                    /*#__PURE__*/ _jsx("div", {})
                ]
            }),
            /*#__PURE__*/ _jsx("div", {
                class: "class",
                children: children
            })
        ]
    });
};

/*
{
  "origin": "test.tsx",
  "name": "Foo_component$1_642OtG035oo",
  "entry": null,
  "canonicalFilename": "foo_component$1_642otg035oo",
  "extension": "js",
  "parent": "Foo_component_7N2avlLYVuo",
  "ctxKind": "function",
  "ctxName": "$",
  "captures": true
}
*/
============================= foo_component_7n2avllyvuo.js (ENTRY POINT)==

import * as qwik from "@builder.io/qwik";
export const Foo_component_7N2avlLYVuo = (props)=>{
    return qwik.qrl(()=>import("./foo_component$1_642otg035oo")
    , "Foo_component$1_642OtG035oo", [
        props
    ]);
};

/*
{
  "origin": "test.tsx",
  "name": "Foo_component_7N2avlLYVuo",
  "entry": null,
  "canonicalFilename": "foo_component_7n2avllyvuo",
  "extension": "js",
  "parent": null,
  "ctxKind": "function",
  "ctxName": "component$",
  "captures": false
}
*/
== DIAGNOSTICS ==

[]
