---
source: src/optimizer/core/src/test.rs
expression: output
---
==INPUT==


import { $, component$ } from '@builder.io/qwik';
export const Header = component$(() => {
    return $(() => console.log("hello sym2"), "sym2")
});

============================= project/test.tsx ==

import * as qwik from "@builder.io/qwik";
import { componentQrl } from "@builder.io/qwik";
export const Header = /*#__PURE__*/ componentQrl(qwik.qrl(()=>import("../entry_hooks")
, "Header_render"));

============================= h_test_sym2.tsx ==

import * as qwik from "@builder.io/qwik";
export const sym2 = ()=>console.log("hello sym2")
;

/*
{
  "origin": "project/test.tsx",
  "name": "sym2",
  "entry": "entry_hooks",
  "canonicalFilename": "h_test_sym2",
  "extension": "tsx"
}
*/
============================= h_test_header_render.tsx ==

import * as qwik from "@builder.io/qwik";
export const Header_render = ()=>{
    return qwik.qrl(()=>import("./entry_hooks")
    , "sym2");
};

/*
{
  "origin": "project/test.tsx",
  "name": "Header_render",
  "entry": "entry_hooks",
  "canonicalFilename": "h_test_header_render",
  "extension": "tsx"
}
*/
============================= entry_hooks.js (ENTRY POINT)==

export { sym2 } from "./h_test_sym2";
export { Header_render } from "./h_test_header_render";

== DIAGNOSTICS ==

[]
