---
source: packages/qwik/src/optimizer/core/src/test.rs
expression: output
---
==INPUT==


import { $, component$, useStyles } from '@builder.io/qwik';
import { qrl } from '@builder.io/qwik/what';

export const hW = 12;
export const handleWatch = 42;

const componentQrl = () => console.log('not this', qrl());

componentQrl();
export const Foo = component$(() => {
    useStyles$('thing');
    const qwik = hW + handleWatch;
    console.log(qwik);
    const qrl = 23;
    return (
        <div onClick$={()=> console.log(qrl)}/>
    )
}, {
    tagName: "my-foo",
});

export const Root = component$(() => {
    useStyles($('thing'));
    return $(() => {
        return (
            <div/>
        )
    });
}, {
    tagName: "my-foo",
});

============================= test.js ==

import { componentQrl } from "@builder.io/qwik";
import { qrl } from "@builder.io/qwik";
import { qrl as qrl1 } from '@builder.io/qwik/what';
export const hW = 12;
export const handleWatch = 42;
const componentQrl1 = ()=>console.log('not this', qrl1());
componentQrl1();
export const Foo = /*#__PURE__*/ componentQrl(qrl(()=>import("./foo_component_htdrsvublie"), "Foo_component_HTDRsvUbLiE"), {
    tagName: "my-foo"
});
export const Root = /*#__PURE__*/ componentQrl(qrl(()=>import("./root_component_royhjyacbye"), "Root_component_royhjYaCbYE"), {
    tagName: "my-foo"
});


Some("{\"version\":3,\"sources\":[\"/user/qwik/src/test.tsx\"],\"names\":[],\"mappings\":\"AACA;;AACA,SAAS,GAAG,IAAH,IAAG,QAAQ,uBAAuB,CAAC;AAE5C,OAAO,MAAM,EAAE,GAAG,EAAE,CAAC;AACrB,OAAO,MAAM,WAAW,GAAG,EAAE,CAAC;AAE9B,MAAM,aAAY,GAAG,IAAM,OAAO,CAAC,GAAG,CAAC,UAAU,EAAE,IAAG,EAAE,CAAC,AAAC;AAE1D,aAAY,EAAE,CAAC;AACf,OAAO,MAAM,GAAG,iBAAG,0FAQhB;IACC,OAAO,EAAE,QAAQ;CACpB,CAAC,CAAC;AAEH,OAAO,MAAM,IAAI,iBAAG,4FAOjB;IACC,OAAO,EAAE,QAAQ;CACpB,CAAC,CAAC\"}")
============================= foo_component_htdrsvublie.js (ENTRY POINT)==

import { jsx as _jsx } from "@builder.io/qwik/jsx-runtime";
import { hW } from "./test";
import { handleWatch } from "./test";
import { qrl } from "@builder.io/qwik";
export const Foo_component_HTDRsvUbLiE = ()=>{
    useStyles$('thing');
    const qwik = hW + handleWatch;
    console.log(qwik);
    const qrl1 = 23;
    return /*#__PURE__*/ _jsx("div", {
        onClick$: qrl(()=>import("./foo_component_div_onclick_m48dyiidsjw"), "Foo_component_div_onClick_M48DYiidSJw", [
            qrl1
        ])
    });
};


Some("{\"version\":3,\"sources\":[\"/user/qwik/src/test.tsx\"],\"names\":[],\"mappings\":\";;;;yCAU8B,IAAM;IAChC,UAAU,CAAC,OAAO,CAAC,CAAC;IACpB,MAAM,IAAI,GAAG,EAAE,GAAG,WAAW,AAAC;IAC9B,OAAO,CAAC,GAAG,CAAC,IAAI,CAAC,CAAC;IAClB,MAAM,IAAG,GAAG,EAAE,AAAC;IACf,qBACI,KAAC,KAAG;QAAC,QAAQ;;;MAA0B,CAC1C;CACJ\"}")
/*
{
  "origin": "test.tsx",
  "name": "Foo_component_HTDRsvUbLiE",
  "entry": null,
  "displayName": "Foo_component",
  "hash": "HTDRsvUbLiE",
  "canonicalFilename": "foo_component_htdrsvublie",
  "extension": "js",
  "parent": null,
  "ctxKind": "function",
  "ctxName": "component$",
  "captures": false,
  "loc": [
    269,
    448
  ]
}
*/
============================= root_component_usestyles_u5dkuxgrgnu.js (ENTRY POINT)==

export const Root_component_useStyles_u5DkUxGrGnU = 'thing';
export { _hW } from "@builder.io/qwik";


Some("{\"version\":3,\"sources\":[\"/user/qwik/src/test.tsx\"],\"names\":[],\"mappings\":\"oDAuBgB,OAAO\"}")
/*
{
  "origin": "test.tsx",
  "name": "Root_component_useStyles_u5DkUxGrGnU",
  "entry": null,
  "displayName": "Root_component_useStyles",
  "hash": "u5DkUxGrGnU",
  "canonicalFilename": "root_component_usestyles_u5dkuxgrgnu",
  "extension": "js",
  "parent": "Root_component_royhjYaCbYE",
  "ctxKind": "function",
  "ctxName": "$",
  "captures": false,
  "loc": [
    535,
    542
  ]
}
*/
============================= root_component_royhjyacbye.js (ENTRY POINT)==

import { qrl } from "@builder.io/qwik";
import { useStyles } from "@builder.io/qwik";
export const Root_component_royhjYaCbYE = ()=>{
    useStyles(qrl(()=>import("./root_component_usestyles_u5dkuxgrgnu"), "Root_component_useStyles_u5DkUxGrGnU"));
    return qrl(()=>import("./root_component_1_cbpqnyduhi4"), "Root_component_1_cBpQNYDUHI4");
};


Some("{\"version\":3,\"sources\":[\"/user/qwik/src/test.tsx\"],\"names\":[],\"mappings\":\";;0CAsB+B,IAAM;IACjC,SAAS,mGAAY,CAAC;IACtB,yFAIG;CACN\"}")
/*
{
  "origin": "test.tsx",
  "name": "Root_component_royhjYaCbYE",
  "entry": null,
  "displayName": "Root_component",
  "hash": "royhjYaCbYE",
  "canonicalFilename": "root_component_royhjyacbye",
  "extension": "js",
  "parent": null,
  "ctxKind": "function",
  "ctxName": "component$",
  "captures": false,
  "loc": [
    511,
    622
  ]
}
*/
============================= root_component_1_cbpqnyduhi4.js (ENTRY POINT)==

import { jsx as _jsx } from "@builder.io/qwik/jsx-runtime";
export const Root_component_1_cBpQNYDUHI4 = ()=>{
    return /*#__PURE__*/ _jsx("div", {});
};
export { _hW } from "@builder.io/qwik";


Some("{\"version\":3,\"sources\":[\"/user/qwik/src/test.tsx\"],\"names\":[],\"mappings\":\";4CAwBa,IAAM;IACX,qBACI,KAAC,KAAG,KAAE,CACT;CACJ\"}")
/*
{
  "origin": "test.tsx",
  "name": "Root_component_1_cBpQNYDUHI4",
  "entry": null,
  "displayName": "Root_component_1",
  "hash": "cBpQNYDUHI4",
  "canonicalFilename": "root_component_1_cbpqnyduhi4",
  "extension": "js",
  "parent": "Root_component_royhjYaCbYE",
  "ctxKind": "function",
  "ctxName": "$",
  "captures": false,
  "loc": [
    559,
    618
  ]
}
*/
============================= foo_component_div_onclick_m48dyiidsjw.js (ENTRY POINT)==

import { useLexicalScope } from "@builder.io/qwik";
export const Foo_component_div_onClick_M48DYiidSJw = ()=>{
    const [qrl] = useLexicalScope();
    return console.log(qrl);
};


Some("{\"version\":3,\"sources\":[\"/user/qwik/src/test.tsx\"],\"names\":[],\"mappings\":\";qDAgBuB;;WAAK,OAAO,CAAC,GAAG,CAAC,GAAG,CAAC;CAAA\"}")
/*
{
  "origin": "test.tsx",
  "name": "Foo_component_div_onClick_M48DYiidSJw",
  "entry": null,
  "displayName": "Foo_component_div_onClick",
  "hash": "M48DYiidSJw",
  "canonicalFilename": "foo_component_div_onclick_m48dyiidsjw",
  "extension": "js",
  "parent": "Foo_component_HTDRsvUbLiE",
  "ctxKind": "event",
  "ctxName": "onClick$",
  "captures": true,
  "loc": [
    416,
    437
  ]
}
*/
== DIAGNOSTICS ==

[]
