---
source: packages/qwik/src/optimizer/core/src/test.rs
expression: output
---
==INPUT==


import { $, component$ } from '@builder.io/qwik';
export function App() {
    const Header = component$(() => {
        console.log("mount");
        return (
            <div onClick={$((ctx) => console.log(ctx))}/>
        );
    });
    return Header;
}

============================= test.tsx ==

import * as qwik from "@builder.io/qwik";
import { componentQrl } from "@builder.io/qwik";
export function App() {
    const Header = /*#__PURE__*/ componentQrl(qwik.qrl(()=>import("./app_header_component_eeebld30rns")
    , "App_Header_component_eEEbLD30rns"));
    return Header;
}

============================= app_header_component_div_onclick_odvseeloykg.tsx (ENTRY POINT)==

import * as qwik from "@builder.io/qwik";
export const App_Header_component_div_onClick_odvSeeLOykg = (ctx)=>console.log(ctx)
;
export { handleWatch } from "@builder.io/qwik";

/*
{
  "origin": "test.tsx",
  "name": "App_Header_component_div_onClick_odvSeeLOykg",
  "entry": null,
  "canonicalFilename": "app_header_component_div_onclick_odvseeloykg",
  "extension": "tsx",
  "parent": "App_Header_component_eEEbLD30rns",
  "ctxKind": "function",
  "ctxName": "$",
  "captures": false
}
*/
============================= app_header_component_eeebld30rns.tsx (ENTRY POINT)==

import * as qwik from "@builder.io/qwik";
export const App_Header_component_eEEbLD30rns = ()=>{
    console.log("mount");
    return <div onClick={qwik.qrl(()=>import("./app_header_component_div_onclick_odvseeloykg")
    , "App_Header_component_div_onClick_odvSeeLOykg")}/>;
};
export { handleWatch } from "@builder.io/qwik";

/*
{
  "origin": "test.tsx",
  "name": "App_Header_component_eEEbLD30rns",
  "entry": null,
  "canonicalFilename": "app_header_component_eeebld30rns",
  "extension": "tsx",
  "parent": null,
  "ctxKind": "function",
  "ctxName": "component$",
  "captures": false
}
*/
== DIAGNOSTICS ==

[]
