---
source: packages/qwik/src/optimizer/core/src/test.rs
expression: output
---
==INPUT==


import { component$, $, useStyles$ } from '@builder.io/qwik';

export const App = component$((props) => {
    useStyles$('hola');
    return $(() => (
        <div></div>
    ));
});

============================= test.js ==

import * as qwik from "@builder.io/qwik";
import { componentQrl } from "@builder.io/qwik";
export const App = /*#__PURE__*/ componentQrl(qwik.qrl(()=>import("./app_component_aj0udc0imoo.js")
, "App_component_aJ0UdC0imoo"));

============================= app_component_usestyles_41n1oqyi5xi.js (ENTRY POINT)==

import * as qwik from "@builder.io/qwik";
export const App_component_useStyles_41n1OqyI5XI = 'hola';

/*
{
  "origin": "test.tsx",
  "name": "App_component_useStyles_41n1OqyI5XI",
  "entry": null,
  "canonicalFilename": "app_component_usestyles_41n1oqyi5xi",
  "extension": "js",
  "parent": "App_component_aJ0UdC0imoo",
  "ctxKind": "function",
  "ctxName": "useStyles$",
  "captures": false
}
*/
============================= app_component_1_5lmk4chgyso.js (ENTRY POINT)==

import * as qwik from "@builder.io/qwik";
import { jsx as _jsx } from "@builder.io/qwik/jsx-runtime";
export const App_component_1_5Lmk4ChgYSo = ()=>/*#__PURE__*/ _jsx("div", {})
;

/*
{
  "origin": "test.tsx",
  "name": "App_component_1_5Lmk4ChgYSo",
  "entry": null,
  "canonicalFilename": "app_component_1_5lmk4chgyso",
  "extension": "js",
  "parent": "App_component_aJ0UdC0imoo",
  "ctxKind": "function",
  "ctxName": "$",
  "captures": false
}
*/
============================= app_component_aj0udc0imoo.js (ENTRY POINT)==

import * as qwik from "@builder.io/qwik";
import { useStylesQrl } from "@builder.io/qwik";
export const App_component_aJ0UdC0imoo = (props)=>{
    useStylesQrl(qwik.qrl(()=>import("./app_component_usestyles_41n1oqyi5xi.js")
    , "App_component_useStyles_41n1OqyI5XI"));
    return qwik.qrl(()=>import("./app_component_1_5lmk4chgyso.js")
    , "App_component_1_5Lmk4ChgYSo");
};

/*
{
  "origin": "test.tsx",
  "name": "App_component_aJ0UdC0imoo",
  "entry": null,
  "canonicalFilename": "app_component_aj0udc0imoo",
  "extension": "js",
  "parent": null,
  "ctxKind": "function",
  "ctxName": "component$",
  "captures": false
}
*/
== DIAGNOSTICS ==

[]
