---
source: packages/qwik/src/optimizer/core/src/test.rs
expression: output
---
==INPUT==


import { $, component$, useStyles$ } from '@builder.io/qwik';

export const Foo = component$(() => {
    useStyles$('.class {}');
    return (
        <div class="class"/>
    );
}, {
    tagName: "my-foo",
});

============================= foo_component_usestyles_pv9tscbihw8.tsx (ENTRY POINT)==

import * as qwik from "@builder.io/qwik";
export const Foo_component_useStyles_pV9TSCBIhw8 = '.class {}';
export { handleWatch } from "@builder.io/qwik";

/*
{
  "origin": "test.tsx",
  "name": "Foo_component_useStyles_pV9TSCBIhw8",
  "entry": null,
  "displayName": "Foo_component_useStyles",
  "hash": "pV9TSCBIhw8",
  "canonicalFilename": "foo_component_usestyles_pv9tscbihw8",
  "extension": "tsx",
  "parent": "Foo_component_HTDRsvUbLiE",
  "ctxKind": "function",
  "ctxName": "useStyles$",
  "captures": false
}
*/
============================= foo_component_htdrsvublie.tsx (ENTRY POINT)==

import * as qwik from "@builder.io/qwik";
import { useStylesQrl } from "@builder.io/qwik";
export const Foo_component_HTDRsvUbLiE = ()=>{
    useStylesQrl(qwik.qrl(()=>import("./foo_component_usestyles_pv9tscbihw8")
    , "Foo_component_useStyles_pV9TSCBIhw8"));
    return <div class="class"/>;
};
export { handleWatch } from "@builder.io/qwik";

/*
{
  "origin": "test.tsx",
  "name": "Foo_component_HTDRsvUbLiE",
  "entry": null,
  "displayName": "Foo_component",
  "hash": "HTDRsvUbLiE",
  "canonicalFilename": "foo_component_htdrsvublie",
  "extension": "tsx",
  "parent": null,
  "ctxKind": "function",
  "ctxName": "component$",
  "captures": false
}
*/
============================= test.tsx ==

import * as qwik from "@builder.io/qwik";
import { componentQrl } from "@builder.io/qwik";
export const Foo = /*#__PURE__*/ componentQrl(qwik.qrl(()=>import("./foo_component_htdrsvublie")
, "Foo_component_HTDRsvUbLiE"), {
    tagName: "my-foo"
});

== DIAGNOSTICS ==

[]
