---
source: packages/qwik/src/optimizer/core/src/test.rs
expression: output
---
==INPUT==


import { component$, useTask$, useStore, useStyles$ } from '@builder.io/qwik';
import mongo from 'mongodb';
import redis from 'redis';

export const Parent = component$(() => {
    const state = useStore({
        text: ''
    });

    // Double count watch
    useTask$(async () => {
        state.text = await mongo.users();
        redis.set(state.text);
    });

    return (
        <div onClick$={() => console.log('parent')}>
            {state.text}
        </div>
    );
});

export const Child = component$(() => {
    const state = useStore({
        text: ''
    });

    // Double count watch
    useTask$(async () => {
        state.text = await mongo.users();
    });

    return (
        <div onClick$={() => console.log('child')}>
            {state.text}
        </div>
    );
});

============================= parent_component_usetask_gdh1etuwqbu.js ==

import { useLexicalScope } from "@builder.io/qwik";
import mongo from "mongodb";
import redis from "redis";
export const Parent_component_useTask_gDH1EtUWqBU = async ()=>{
    const [state] = useLexicalScope();
    state.text = await mongo.users();
    redis.set(state.text);
};


Some("{\"version\":3,\"sources\":[\"/user/qwik/src/test.tsx\"],\"names\":[],\"mappings\":\";;;oDAWa;;IACL,MAAM,IAAI,GAAG,MAAM,MAAM,KAAK;IAC9B,MAAM,GAAG,CAAC,MAAM,IAAI\"}")
/*
{
  "origin": "test.tsx",
  "name": "Parent_component_useTask_gDH1EtUWqBU",
  "entry": "entry_Parent",
  "displayName": "Parent_component_useTask",
  "hash": "gDH1EtUWqBU",
  "canonicalFilename": "parent_component_usetask_gdh1etuwqbu",
  "extension": "js",
  "parent": "Parent_component_0TaiDayHrlo",
  "ctxKind": "function",
  "ctxName": "useTask$",
  "captures": true,
  "loc": [
    273,
    365
  ]
}
*/
============================= test.js ==

import { componentQrl } from "@builder.io/qwik";
import { qrl } from "@builder.io/qwik";
export const Parent = /*#__PURE__*/ componentQrl(qrl(()=>import("./entry_Parent"), "Parent_component_0TaiDayHrlo"));
export const Child = /*#__PURE__*/ componentQrl(qrl(()=>import("./entry_Child"), "Child_component_9GyF01GDKqw"));


Some("{\"version\":3,\"sources\":[\"/user/qwik/src/test.tsx\"],\"names\":[],\"mappings\":\"AACA;;AAIA,OAAO,MAAM,uBAAS,gFAgBnB;AAEH,OAAO,MAAM,sBAAQ,8EAelB\"}")
============================= child_component_usetask_oh4n7zeqjku.js ==

import { useLexicalScope } from "@builder.io/qwik";
import mongo from "mongodb";
export const Child_component_useTask_Oh4n7ZeqJkU = async ()=>{
    const [state] = useLexicalScope();
    state.text = await mongo.users();
};


Some("{\"version\":3,\"sources\":[\"/user/qwik/src/test.tsx\"],\"names\":[],\"mappings\":\";;mDA6Ba;;IACL,MAAM,IAAI,GAAG,MAAM,MAAM,KAAK\"}")
/*
{
  "origin": "test.tsx",
  "name": "Child_component_useTask_Oh4n7ZeqJkU",
  "entry": "entry_Child",
  "displayName": "Child_component_useTask",
  "hash": "Oh4n7ZeqJkU",
  "canonicalFilename": "child_component_usetask_oh4n7zeqjku",
  "extension": "js",
  "parent": "Child_component_9GyF01GDKqw",
  "ctxKind": "function",
  "ctxName": "useTask$",
  "captures": true,
  "loc": [
    621,
    682
  ]
}
*/
============================= parent_component_0taidayhrlo.js ==

import { jsx as _jsx } from "@builder.io/qwik/jsx-runtime";
import { _wrapSignal } from "@builder.io/qwik";
import { qrl } from "@builder.io/qwik";
import { useStore } from "@builder.io/qwik";
import { useTaskQrl } from "@builder.io/qwik";
export const Parent_component_0TaiDayHrlo = ()=>{
    const state = useStore({
        text: ''
    });
    // Double count watch
    useTaskQrl(qrl(()=>import("./entry_Parent"), "Parent_component_useTask_gDH1EtUWqBU", [
        state
    ]));
    return /*#__PURE__*/ _jsx("div", {
        onClick$: qrl(()=>import("./chunk_clicks"), "Parent_component_div_onClick_C5XE49Nqd3A"),
        children: _wrapSignal(state, "text")
    });
};


Some("{\"version\":3,\"sources\":[\"/user/qwik/src/test.tsx\"],\"names\":[],\"mappings\":\";;;;;4CAKiC,IAAM;IACnC,MAAM,QAAQ,SAAS;QACnB,MAAM;IACV;IAEA,qBAAqB;IACrB;;;IAKA,qBACI,KAAC;QAAI,QAAQ;8BACR;;AAGb\"}")
/*
{
  "origin": "test.tsx",
  "name": "Parent_component_0TaiDayHrlo",
  "entry": "entry_Parent",
  "displayName": "Parent_component",
  "hash": "0TaiDayHrlo",
  "canonicalFilename": "parent_component_0taidayhrlo",
  "extension": "js",
  "parent": null,
  "ctxKind": "function",
  "ctxName": "component$",
  "captures": false,
  "loc": [
    171,
    483
  ]
}
*/
============================= parent_component_div_onclick_c5xe49nqd3a.js ==

export const Parent_component_div_onClick_C5XE49Nqd3A = ()=>console.log('parent');


Some("{\"version\":3,\"sources\":[\"/user/qwik/src/test.tsx\"],\"names\":[],\"mappings\":\"wDAiBuB,IAAM,QAAQ,GAAG,CAAC\"}")
/*
{
  "origin": "test.tsx",
  "name": "Parent_component_div_onClick_C5XE49Nqd3A",
  "entry": "chunk_clicks",
  "displayName": "Parent_component_div_onClick",
  "hash": "C5XE49Nqd3A",
  "canonicalFilename": "parent_component_div_onclick_c5xe49nqd3a",
  "extension": "js",
  "parent": "Parent_component_0TaiDayHrlo",
  "ctxKind": "event",
  "ctxName": "onClick$",
  "captures": false,
  "loc": [
    405,
    432
  ]
}
*/
============================= child_component_9gyf01gdkqw.js ==

import { jsx as _jsx } from "@builder.io/qwik/jsx-runtime";
import { _wrapSignal } from "@builder.io/qwik";
import { qrl } from "@builder.io/qwik";
import { useStore } from "@builder.io/qwik";
import { useTaskQrl } from "@builder.io/qwik";
export const Child_component_9GyF01GDKqw = ()=>{
    const state = useStore({
        text: ''
    });
    // Double count watch
    useTaskQrl(qrl(()=>import("./entry_Child"), "Child_component_useTask_Oh4n7ZeqJkU", [
        state
    ]));
    return /*#__PURE__*/ _jsx("div", {
        onClick$: qrl(()=>import("./chunk_clicks"), "Child_component_div_onClick_elliVSnAiOQ"),
        children: _wrapSignal(state, "text")
    });
};


Some("{\"version\":3,\"sources\":[\"/user/qwik/src/test.tsx\"],\"names\":[],\"mappings\":\";;;;;2CAuBgC,IAAM;IAClC,MAAM,QAAQ,SAAS;QACnB,MAAM;IACV;IAEA,qBAAqB;IACrB;;;IAIA,qBACI,KAAC;QAAI,QAAQ;8BACR;;AAGb\"}")
/*
{
  "origin": "test.tsx",
  "name": "Child_component_9GyF01GDKqw",
  "entry": "entry_Child",
  "displayName": "Child_component",
  "hash": "9GyF01GDKqw",
  "canonicalFilename": "child_component_9gyf01gdkqw",
  "extension": "js",
  "parent": null,
  "ctxKind": "function",
  "ctxName": "component$",
  "captures": false,
  "loc": [
    519,
    799
  ]
}
*/
============================= child_component_div_onclick_ellivsnaioq.js ==

export const Child_component_div_onClick_elliVSnAiOQ = ()=>console.log('child');


Some("{\"version\":3,\"sources\":[\"/user/qwik/src/test.tsx\"],\"names\":[],\"mappings\":\"uDAkCuB,IAAM,QAAQ,GAAG,CAAC\"}")
/*
{
  "origin": "test.tsx",
  "name": "Child_component_div_onClick_elliVSnAiOQ",
  "entry": "chunk_clicks",
  "displayName": "Child_component_div_onClick",
  "hash": "elliVSnAiOQ",
  "canonicalFilename": "child_component_div_onclick_ellivsnaioq",
  "extension": "js",
  "parent": "Child_component_9GyF01GDKqw",
  "ctxKind": "event",
  "ctxName": "onClick$",
  "captures": false,
  "loc": [
    722,
    748
  ]
}
*/
============================= chunk_clicks.js (ENTRY POINT)==

export { Parent_component_div_onClick_C5XE49Nqd3A } from "./parent_component_div_onclick_c5xe49nqd3a";
export { Child_component_div_onClick_elliVSnAiOQ } from "./child_component_div_onclick_ellivsnaioq";


None
============================= entry_Child.js (ENTRY POINT)==

export { Child_component_useTask_Oh4n7ZeqJkU } from "./child_component_usetask_oh4n7zeqjku";
export { Child_component_9GyF01GDKqw } from "./child_component_9gyf01gdkqw";
export { _hW } from "@builder.io/qwik";


None
============================= entry_Parent.js (ENTRY POINT)==

export { Parent_component_useTask_gDH1EtUWqBU } from "./parent_component_usetask_gdh1etuwqbu";
export { Parent_component_0TaiDayHrlo } from "./parent_component_0taidayhrlo";
export { _hW } from "@builder.io/qwik";


None
== DIAGNOSTICS ==

[]
