---
source: packages/qwik/src/optimizer/core/src/test.rs
expression: output
---
==INPUT==


import { component$, useStore } from '@builder.io/qwik';

export const App = component$((props: Stuff) => {
    foo();
    return (
        <Cmp>
            <p class="stuff" onClick$={() => console.log('warn')}>Hello Qwik</p>
        </Cmp>
    );
});

export const foo = () => console.log('foo');

============================= test.tsx ==

import { componentQrl } from "@builder.io/qwik";
import { qrl } from "@builder.io/qwik";
export const App = /*#__PURE__*/ componentQrl(/*#__PURE__*/ qrl(()=>import("./app_component_ckepmxzlub0.js"), "App_component_ckEPmXZlub0"));
export const foo = ()=>console.log('foo');


Some("{\"version\":3,\"sources\":[\"/user/qwik/src/test.tsx\"],\"names\":[],\"mappings\":\"AACA;;AAEA,OAAO,MAAM,oBAAM,2GAOhB;AAEH,OAAO,MAAM,MAAM,IAAM,QAAQ,GAAG,CAAC,OAAO\"}")
============================= app_component_ckepmxzlub0.js (ENTRY POINT)==

import { jsx as _jsx } from "@builder.io/qwik/jsx-runtime";
import { foo } from "./test.tsx";
import { qrl } from "@builder.io/qwik";
export const App_component_ckEPmXZlub0 = (props)=>{
    foo();
    return /*#__PURE__*/ _jsx(Cmp, {
        children: /*#__PURE__*/ _jsx("p", {
            class: "stuff",
            onClick$: /*#__PURE__*/ qrl(()=>import("./app_component_cmp_p_onclick_vuxzfutkpto.js"), "App_component_Cmp_p_onClick_vuXzfUTkpto"),
            children: "Hello Qwik"
        })
    }, "u6_0");
};


Some("{\"version\":3,\"sources\":[\"/user/qwik/src/test.tsx\"],\"names\":[],\"mappings\":\";;;yCAG8B,CAAC,QAAiB;IAC5C;IACA,qBACI,KAAC;kBACG,cAAA,KAAC;YAAE,OAAM;YAAQ,QAAQ;sBAA6B;;;AAGlE\"}")
/*
{
  "origin": "test.tsx",
  "name": "App_component_ckEPmXZlub0",
  "entry": null,
  "displayName": "App_component",
  "hash": "ckEPmXZlub0",
  "canonicalFilename": "app_component_ckepmxzlub0",
  "extension": "js",
  "parent": null,
  "ctxKind": "function",
  "ctxName": "component$",
  "captures": false,
  "loc": [
    90,
    252
  ]
}
*/
============================= app_component_cmp_p_onclick_vuxzfutkpto.js (ENTRY POINT)==

export const App_component_Cmp_p_onClick_vuXzfUTkpto = ()=>console.log('warn');


Some("{\"version\":3,\"sources\":[\"/user/qwik/src/test.tsx\"],\"names\":[],\"mappings\":\"uDAOuC,IAAM,QAAQ,GAAG,CAAC\"}")
/*
{
  "origin": "test.tsx",
  "name": "App_component_Cmp_p_onClick_vuXzfUTkpto",
  "entry": null,
  "displayName": "App_component_Cmp_p_onClick",
  "hash": "vuXzfUTkpto",
  "canonicalFilename": "app_component_cmp_p_onclick_vuxzfutkpto",
  "extension": "js",
  "parent": "App_component_ckEPmXZlub0",
  "ctxKind": "event",
  "ctxName": "onClick$",
  "captures": false,
  "loc": [
    187,
    212
  ]
}
*/
== DIAGNOSTICS ==

[]
