---
source: packages/qwik/src/optimizer/core/src/test.rs
expression: output
---
==INPUT==


import { $, component$ } from '@builder.io/qwik';
export const Header = component$(() => {
    return (
        <>
            <div onClick={(ctx) => console.log("1")}/>
            <div onClick={$((ctx) => console.log("2"))}/>
        </>
    );
});

============================= test.tsx ==

import * as qwik from "@builder.io/qwik";
import { componentQrl } from "@builder.io/qwik";
export const Header = /*#__PURE__*/ componentQrl(qwik.qrl(()=>import("./header_component_d2lmh0dh3zy")
, "Header_component_D2lmH0Dh3zY"));

============================= header_component_div_onclick_ihjexlkqsxg.tsx (ENTRY POINT)==

import * as qwik from "@builder.io/qwik";
export const Header_component_div_onClick_IHjeXLKQSXg = (ctx)=>console.log("2")
;
export { handleWatch } from "@builder.io/qwik";

/*
{
  "origin": "test.tsx",
  "name": "Header_component_div_onClick_IHjeXLKQSXg",
  "entry": null,
  "canonicalFilename": "header_component_div_onclick_ihjexlkqsxg",
  "extension": "tsx",
  "parent": "Header_component_D2lmH0Dh3zY",
  "ctxKind": "function",
  "ctxName": "$",
  "captures": false
}
*/
============================= header_component_d2lmh0dh3zy.tsx (ENTRY POINT)==

import * as qwik from "@builder.io/qwik";
export const Header_component_D2lmH0Dh3zY = ()=>{
    return <>

            <div onClick={(ctx)=>console.log("1")
    }/>

            <div onClick={qwik.qrl(()=>import("./header_component_div_onclick_ihjexlkqsxg")
    , "Header_component_div_onClick_IHjeXLKQSXg")}/>

        </>;
};
export { handleWatch } from "@builder.io/qwik";

/*
{
  "origin": "test.tsx",
  "name": "Header_component_D2lmH0Dh3zY",
  "entry": null,
  "canonicalFilename": "header_component_d2lmh0dh3zy",
  "extension": "tsx",
  "parent": null,
  "ctxKind": "function",
  "ctxName": "component$",
  "captures": false
}
*/
== DIAGNOSTICS ==

[]
