---
source: packages/qwik/src/optimizer/core/src/test.rs
expression: output
---
==INPUT==


import { component$, useStore } from '@builder.io/qwik';

enum Thing {
    A,
    B
}

export const App = component$(() => {
    console.log(Thing.A);
    return (
        <>
            <p class="stuff">Hello Qwik</p>
        </>
    );
});

============================= test.js ==

import { componentQrl } from "@builder.io/qwik";
import { qrl } from "@builder.io/qwik";
let Thing;
(function(Thing) {
    Thing[Thing["A"] = 0] = "A";
    Thing[Thing["B"] = 1] = "B";
})(Thing || (Thing = {}));
export const App = /*#__PURE__*/ componentQrl(/*#__PURE__*/ qrl(()=>import("./app_component_ckepmxzlub0"), "App_component_ckEPmXZlub0"));


Some("{\"version\":3,\"sources\":[\"/user/qwik/src/test.tsx\"],\"names\":[],\"mappings\":\"AACA;;IAEA;UAAK,KAAK;IAAL,MAAA,MACD,OAAA,KAAA;IADC,MAAA,MAED,OAAA,KAAA;GAFC,UAAA;AAKL,OAAO,MAAM,oBAAM,wGAOhB\"}")
============================= app_component_ckepmxzlub0.js (ENTRY POINT)==

import { Fragment as _Fragment } from "@builder.io/qwik/jsx-runtime";
import { jsx as _jsx } from "@builder.io/qwik/jsx-runtime";
export const App_component_ckEPmXZlub0 = ()=>{
    console.log(Thing.A);
    return /*#__PURE__*/ _jsx(_Fragment, {
        children: /*#__PURE__*/ _jsx("p", {
            class: "stuff",
            children: "Hello Qwik"
        })
    }, "u6_0");
};


Some("{\"version\":3,\"sources\":[\"/user/qwik/src/test.tsx\"],\"names\":[],\"mappings\":\";;yCAQ8B,IAAM;IAChC,QAAQ,GAAG,CAAC,MAAM,CAAC;IACnB,qBACI;kBACI,cAAA,KAAC;YAAE,OAAM;sBAAQ;;;AAG7B\"}")
/*
{
  "origin": "test.tsx",
  "name": "App_component_ckEPmXZlub0",
  "entry": null,
  "displayName": "App_component",
  "hash": "ckEPmXZlub0",
  "canonicalFilename": "app_component_ckepmxzlub0",
  "extension": "js",
  "parent": null,
  "ctxKind": "function",
  "ctxName": "component$",
  "captures": false,
  "loc": [
    119,
    241
  ]
}
*/
== DIAGNOSTICS ==

[
  {
    "category": "error",
    "code": "C01",
    "file": "test.tsx",
    "message": "Reference to identifier declared at the root 'Thing'. It needs to be exported in order to be used inside a Qrl($) scope.",
    "highlights": [],
    "suggestions": null,
    "scope": "optimizer"
  }
]
