---
source: packages/qwik/src/optimizer/core/src/test.rs
expression: output
---
==INPUT==


import { component$, useStore } from '@builder.io/qwik';

export const App = component$((props: Stuff) => {
    return (
        <>
            <div>{prop < 2 ? <p>1</p> : <p>2</p>}</div>
            <div>{prop.value && <div></div>}</div>
            <div>{prop.value || <div></div>}</div>
            <div>{prop.value ?? <div></div>}</div>
            <div>Static {f ? 1 : 3}</div>

            <div>Static</div>
            <div>Static {props.value}</div>
            <div>Static {stuff()}</div>
            <div>Static {stuff()}</div>

        </>
    );
});

============================= test.js ==

import { componentQrl } from "@builder.io/qwik";
import { qrl } from "@builder.io/qwik";
export const App = /*#__PURE__*/ componentQrl(qrl(()=>import("./app_component_ckepmxzlub0.js"), "App_component_ckEPmXZlub0"));


Some("{\"version\":3,\"sources\":[\"/user/qwik/src/test.tsx\"],\"names\":[],\"mappings\":\"AACA;;AAEA,OAAO,MAAM,oBAAM,6FAgBhB\"}")
============================= app_component_ckepmxzlub0.js (ENTRY POINT)==

import { Fragment as _Fragment } from "@builder.io/qwik/jsx-runtime";
import { _IMMUTABLE } from "@builder.io/qwik";
import { jsx as _jsx } from "@builder.io/qwik/jsx-runtime";
import { jsxs as _jsxs } from "@builder.io/qwik/jsx-runtime";
import { _wrapSignal } from "@builder.io/qwik";
export const App_component_ckEPmXZlub0 = (props)=>{
    return /*#__PURE__*/ _jsxs(_Fragment, {
        children: [
            /*#__PURE__*/ _jsx("div", {
                children: prop < 2 ? /*#__PURE__*/ _jsx("p", {
                    children: "1"
                }) : /*#__PURE__*/ _jsx("p", {
                    children: "2"
                }),
                [_IMMUTABLE]: {
                    children: false
                }
            }),
            /*#__PURE__*/ _jsx("div", {
                children: prop.value && /*#__PURE__*/ _jsx("div", {}),
                [_IMMUTABLE]: {
                    children: false
                }
            }),
            /*#__PURE__*/ _jsx("div", {
                children: prop.value || /*#__PURE__*/ _jsx("div", {}),
                [_IMMUTABLE]: {
                    children: false
                }
            }),
            /*#__PURE__*/ _jsx("div", {
                children: prop.value ?? /*#__PURE__*/ _jsx("div", {}),
                [_IMMUTABLE]: {
                    children: false
                }
            }),
            /*#__PURE__*/ _jsxs("div", {
                children: [
                    "Static ",
                    f ? 1 : 3
                ],
                [_IMMUTABLE]: {
                    children: false
                }
            }),
            /*#__PURE__*/ _jsx("div", {
                children: "Static"
            }),
            /*#__PURE__*/ _jsxs("div", {
                children: [
                    "Static ",
                    _wrapSignal(props, "value")
                ]
            }),
            /*#__PURE__*/ _jsxs("div", {
                children: [
                    "Static ",
                    stuff()
                ]
            }),
            /*#__PURE__*/ _jsxs("div", {
                children: [
                    "Static ",
                    stuff()
                ]
            })
        ]
    });
};


Some("{\"version\":3,\"sources\":[\"/user/qwik/src/test.tsx\"],\"names\":[],\"mappings\":\";;;;;yCAG8B,CAAC,QAAiB;IAC5C,qBACI;;0BACI,KAAC;0BAAK,OAAO,kBAAI,KAAC;8BAAE;mCAAQ,KAAC;8BAAE;kBAAK;;;;;0BACpC,KAAC;0BAAK,KAAK,KAAK,kBAAI,KAAC;;;;;0BACrB,KAAC;0BAAK,KAAK,KAAK,kBAAI,KAAC;;;;;0BACrB,KAAC;0BAAK,KAAK,KAAK,kBAAI,KAAC;;;;;0BACrB,MAAC;;oBAAI;oBAAQ,IAAI,IAAI,CAAC;;;;;;0BAEtB,KAAC;0BAAI;;0BACL,MAAC;;oBAAI;gCAAQ;;;0BACb,MAAC;;oBAAI;oBAAQ;;;0BACb,MAAC;;oBAAI;oBAAQ;;;;;AAIzB\"}")
/*
{
  "origin": "test.tsx",
  "name": "App_component_ckEPmXZlub0",
  "entry": null,
  "displayName": "App_component",
  "hash": "ckEPmXZlub0",
  "canonicalFilename": "app_component_ckepmxzlub0",
  "extension": "js",
  "parent": null,
  "ctxKind": "function",
  "ctxName": "component$",
  "captures": false,
  "loc": [
    90,
    561
  ]
}
*/
== DIAGNOSTICS ==

[]
