---
source: packages/qwik/src/optimizer/core/src/test.rs
expression: output
---
==INPUT==


import { $, component$ } from '@builder.io/qwik';
const Header = $((decl1, {decl2}, [decl3]) => {
    const {decl4, key: decl5} = this;
    let [decl6, ...decl7] = stuff;
    const decl8 = 1, decl9;
    function decl10(decl11, {decl12}, [decl13]) {}
    class decl14 {
        method(decl15, {decl16}, [decl17]) {}
    }
    try{}catch(decl18){}
    try{}catch({decl19}){}
});

============================= test.tsx ==

import * as qwik from "@builder.io/qwik";
qwik.qrl(()=>import("./header_af6qei0srxm")
, "Header_aF6qeI0SRxM");

============================= header_af6qei0srxm.tsx (ENTRY POINT)==

import * as qwik from "@builder.io/qwik";
export const Header_aF6qeI0SRxM = (decl1, { decl2  }, [decl3])=>{
    const { decl4 , key: decl5  } = this;
    let [decl6, ...decl7] = stuff;
    const decl8 = 1, decl9;
    function decl10(decl11, { decl12  }, [decl13]) {}
    class decl14 {
        method(decl15, { decl16  }, [decl17]) {}
    }
    try {} catch (decl18) {}
    try {} catch ({ decl19  }) {}
};
export { handleWatch } from "@builder.io/qwik";

/*
{
  "origin": "test.tsx",
  "name": "Header_aF6qeI0SRxM",
  "entry": null,
  "canonicalFilename": "header_af6qei0srxm",
  "extension": "tsx",
  "parent": null,
  "ctxKind": "function",
  "ctxName": "$",
  "captures": false
}
*/
== DIAGNOSTICS ==

[]
