---
source: packages/qwik/src/optimizer/core/src/test.rs
expression: output
---
==INPUT==


import { $, component$ } from '@builder.io/qwik';
export const Header = component$(() => {
    console.log("mount");
    return (
        <div onClick={$((ctx) => console.log(ctx))}/>
    );
});

============================= header_component_j4uyihabnr4.tsx (ENTRY POINT)==

import * as qwik from "@builder.io/qwik";
export const Header_component_J4uyIhaBNR4 = ()=>{
    console.log("mount");
    return <div onClick={qwik.qrl(()=>import("./header_component_div_onclick_i7ekvwh3674")
    , "Header_component_div_onClick_i7ekvWH3674")}/>;
};
export { handleWatch } from "@builder.io/qwik";

/*
{
  "origin": "test.tsx",
  "name": "Header_component_J4uyIhaBNR4",
  "entry": null,
  "displayName": "Header_component",
  "hash": "J4uyIhaBNR4",
  "canonicalFilename": "header_component_j4uyihabnr4",
  "extension": "tsx",
  "parent": null,
  "ctxKind": "function",
  "ctxName": "component$",
  "captures": false
}
*/
============================= test.tsx ==

import * as qwik from "@builder.io/qwik";
import { componentQrl } from "@builder.io/qwik";
export const Header = /*#__PURE__*/ componentQrl(qwik.qrl(()=>import("./header_component_j4uyihabnr4")
, "Header_component_J4uyIhaBNR4"));

============================= header_component_div_onclick_i7ekvwh3674.tsx (ENTRY POINT)==

import * as qwik from "@builder.io/qwik";
export const Header_component_div_onClick_i7ekvWH3674 = (ctx)=>console.log(ctx)
;
export { handleWatch } from "@builder.io/qwik";

/*
{
  "origin": "test.tsx",
  "name": "Header_component_div_onClick_i7ekvWH3674",
  "entry": null,
  "displayName": "Header_component_div_onClick",
  "hash": "i7ekvWH3674",
  "canonicalFilename": "header_component_div_onclick_i7ekvwh3674",
  "extension": "tsx",
  "parent": "Header_component_J4uyIhaBNR4",
  "ctxKind": "function",
  "ctxName": "$",
  "captures": false
}
*/
== DIAGNOSTICS ==

[]
