---
source: packages/qwik/src/optimizer/core/src/test.rs
expression: output
---
==INPUT==


import { $, component$ } from '@builder.io/qwik';
const Header = $((decl1, {decl2}, [decl3]) => {

    const hola = ident1.no;
    ident2;
    const a = ident1 + ident3;
    const b = ident1 + ident3;
    ident4(ident5, [ident6], {ident7}, {key: ident8});
    class Some {
        prop = ident9;
        method() {
            return ident10;
        }
    }

    return (
        <div onClick={(ident11) => ident11 + ident12} required={false}/>
    )
});

============================= project/test.tsx ==

import * as qwik from "@builder.io/qwik";
qwik.qrl(()=>import("../header_fhbehmgnik0")
, "Header_fhbeHmGNik0");

============================= header_fhbehmgnik0.tsx (ENTRY POINT)==

import * as qwik from "@builder.io/qwik";
export const Header_fhbeHmGNik0 = (decl1, { decl2  }, [decl3])=>{
    const hola = ident1.no;
    ident2;
    const a = ident1 + ident3;
    const b = ident1 + ident3;
    ident4(ident5, [
        ident6
    ], {
        ident7
    }, {
        key: ident8
    });
    class Some {
        prop = ident9;
        method() {
            return ident10;
        }
    }
    return <div onClick={(ident11)=>ident11 + ident12
    } required={false}/>;
};
export { handleWatch } from "@builder.io/qwik";

/*
{
  "origin": "project/test.tsx",
  "name": "Header_fhbeHmGNik0",
  "entry": null,
  "canonicalFilename": "header_fhbehmgnik0",
  "extension": "tsx",
  "parent": null,
  "ctxKind": "function",
  "ctxName": "$",
  "captures": false
}
*/
== DIAGNOSTICS ==

[]
