---
source: packages/qwik/src/optimizer/core/src/test.rs
expression: output
---
==INPUT==


import { Counter } from "./counter.tsx";

export const Root = () => {
    return (
        <html>
            <head>
                <meta charSet="utf-8" />
                <title>Qwik Blank App</title>
            </head>
            <body>
                <Counter initial={3} />
            </body>
        </html>
    );
};

============================= test.tsx ==

import { Counter } from "./counter.tsx";
export const Root = ()=>{
    return <html >

            <head >

                <meta charSet="utf-8"/>

                <title >Qwik Blank App</title>

            </head>

            <body >

                <Counter initial={3}/>

            </body>

        </html>;
};


Some("{\"version\":3,\"sources\":[\"/user/qwik/src/test.tsx\"],\"names\":[],\"mappings\":\"AACA,SAAS,OAAO,QAAQ,eAAe,CAAC;AAExC,OAAO,MAAM,IAAI,GAAG,IAAM;IACtB,QACK,IAAI,EAAC;;YACF,CAAC,IAAI,EAAC;;gBACF,CAAC,IAAI,CAAC,OAAO,CAAC,OAAO,EAAG;;gBACxB,CAAC,KAAK,EAAC,cAAc,EAAE,KAAK,CAAC;;YACjC,EAAE,IAAI,CAAC;;YACP,CAAC,IAAI,EAAC;;gBACF,CAAC,OAAO,CAAC,OAAO,EAAE,CAAC,GAAI;;YAC3B,EAAE,IAAI,CAAC;;QACX,EAAE,IAAI,EACR;CACL,CAAC\"}")
== DIAGNOSTICS ==

[]
