---
source: packages/qwik/src/optimizer/core/src/test.rs
expression: output
---
==INPUT==


import { component$, useStore } from '@builder.io/qwik';

export const App = component$((props: Stuff) => {
    return (
        <Cmp>
            <p class="stuff" onClick$={() => console.log('warn')}>Hello Qwik</p>
        </Cmp>
    );
});

============================= test.tsx ==

import { componentQrl } from "@builder.io/qwik";
import { inlinedQrl } from "@builder.io/qwik";
import { jsx as _jsx } from "@builder.io/qwik/jsx-runtime";
export const App = /*#__PURE__*/ componentQrl(/*#__PURE__*/ inlinedQrl((props: Stuff)=>{
    return /*#__PURE__*/ _jsx(Cmp, {
        children: /*#__PURE__*/ _jsx("p", {
            class: "stuff",
            onClick$: /*#__PURE__*/ inlinedQrl(()=>console.log('warn'), "App_component_Cmp_p_onClick_vuXzfUTkpto"),
            children: "Hello Qwik"
        })
    }, "u6_0");
}, "App_component_ckEPmXZlub0"));


Some("{\"version\":3,\"sources\":[\"/user/qwik/src/test.tsx\"],\"names\":[],\"mappings\":\"AACA;;;AAEA,OAAO,MAAM,oBAAM,sCAAW,CAAC,OAAO,QAAU;IAC5C,qBACI,KAAC;kBACG,cAAA,KAAC;YAAE,OAAM;YAAQ,QAAQ,2BAAE,IAAM,QAAQ,GAAG,CAAC;sBAAS;;;AAGlE,iCAAG\"}")
== DIAGNOSTICS ==

[]
