---
source: packages/qwik/src/optimizer/core/src/test.rs
expression: output
---
==INPUT==


import { componentQrl, inlinedQrl, useStore, jsxs, jsx, useLexicalScope } from '@builder.io/qwik';

export const App = /*#__PURE__*/ componentQrl(inlinedQrl(()=>{
    const store = useStore({
        count: 0
    });
    return /*#__PURE__*/ jsxs("div", {
        children: [
            /*#__PURE__*/ jsxs("p", {
                children: [
                    "Count: ",
                    store.count
                ]
            }),
            /*#__PURE__*/ jsx("p", {
                children: /*#__PURE__*/ jsx("button", {
                    onClick$: inlinedQrl(()=>{
                        const [store] = useLexicalScope();
                        return store.count++;
                    }, "App_component_div_p_button_onClick_odz7eidI4GM", [
                        store
                    ]),
                    children: "Click"
                })
            })
        ]
    });
}, "App_component_Fh88JClhbC0"));


============================= test.tsx ==

import { componentQrl, inlinedQrl, useStore, jsxs, jsx, useLexicalScope } from '@builder.io/qwik';
export const App = /*#__PURE__*/ componentQrl(inlinedQrl(()=>{
    const store = useStore({
        count: 0
    });
    return /*#__PURE__*/ jsxs("div", {
        children: [
            /*#__PURE__*/ jsxs("p", {
                children: [
                    "Count: ",
                    store.count
                ]
            }),
            /*#__PURE__*/ jsx("p", {
                children: /*#__PURE__*/ jsx("button", {
                    onClick$: inlinedQrl(()=>{
                        const [store] = useLexicalScope();
                        return store.count++;
                    }, "s_odz7eidI4GM", [
                        store
                    ]),
                    children: "Click"
                })
            })
        ]
    });
}, "s_Fh88JClhbC0"));


Some("{\"version\":3,\"sources\":[\"/user/qwik/src/test.tsx\"],\"names\":[],\"mappings\":\"AACA,SAAS,YAAY,EAAE,UAAU,EAAE,QAAQ,EAAE,IAAI,EAAE,GAAG,EAAE,eAAe,QAAQ,kBAAkB,CAAC;AAElG,OAAO,MAAM,GAAG,GAAG,WAAW,GAAG,YAAY,YAAY,IAAI;IACzD,MAAM,KAAK,GAAG,QAAQ,CAAC;QACnB,KAAK,EAAE,CAAC;KACX,CAAC,AAAC;IACH,OAAO,WAAW,GAAG,IAAI,CAAC,KAAK,EAAE;QAC7B,QAAQ,EAAE;YACN,WAAW,GAAG,IAAI,CAAC,GAAG,EAAE;gBACpB,QAAQ,EAAE;oBACN,SAAS;oBACT,KAAK,CAAC,KAAK;iBACd;aACJ,CAAC;YACF,WAAW,GAAG,GAAG,CAAC,GAAG,EAAE;gBACnB,QAAQ,EAAE,WAAW,GAAG,GAAG,CAAC,QAAQ,EAAE;oBAClC,QAAQ,aAAa,IAAI;wBACrB,MAAM,CAAC,KAAK,CAAC,GAAG,eAAe,EAAE,AAAC;wBAClC,OAAO,KAAK,CAAC,KAAK,EAAE,CAAC;oBACzB,CAAC;;;oBAGD,QAAQ,EAAE,OAAO;iBACpB,CAAC;aACL,CAAC;SACL;KACJ,CAAC,CAAC;AACP,CAAC,mBAA+B,CAAC\"}")
== DIAGNOSTICS ==

[]
